// Jest Snapshot v1, https://goo.gl/fbAQLP

exports[`When Info Card has been load Expect it will render successfully 1`] = `
<span
  data-testid="test-one-for-infoCard"
>
  <div
    class="filter_container "
  >
    <div
      class="box_Outer bg-primaryGradient"
      style="padding: 0.313rem;"
    >
      <div
        class="filter_container"
      >
        <div
          class="box_Inner bg-white"
        >
          <span>
            <div
              class="container py-[2.438rem] md:py-[2.25rem]  pl-[2.877rem]  md:pl-[3rem] bg-[#FFFFFF] duration-[0.5s] transition-all "
            >
              <div
                class="element"
              >
                <h3
                  class="title"
                >
                  Height
                </h3>
                <span
                  class="attribute block"
                >
                  2' 04
                </span>
              </div>
              <div
                class="element"
              >
                <h3
                  class="title"
                >
                  Category
                </h3>
                <span
                  class="attribute block"
                >
                  Seed
                </span>
              </div>
              <div
                class="element"
              >
                <h3
                  class="title"
                >
                  Weight
                </h3>
                <span
                  class="attribute block"
                >
                  15.2
                </span>
              </div>
              <div
                class="element"
              >
                <h3
                  class="title"
                >
                  Abilities
                </h3>
                <p
                  class="attribute"
                >
                  Overgrow
                </p>
                <p
                  class="attribute"
                >
                  Blaze
                </p>
              </div>
            </div>
          </span>
        </div>
      </div>
    </div>
    <svg
      height="0"
      style="visibility: hidden; position: absolute;"
      version="1.1"
      width="0"
      xmlns="http://www.w3.org/2000/svg"
    >
      <defs>
        <filter
          id="goo"
        >
          <fegaussianblur
            in="SourceGraphic"
            result="blur"
            stdDeviation="3"
          />
          <fecolormatrix
            in="blur"
            mode="matrix"
            result="goo"
            values="1 0 0 0 0 0 1 0 0 0 0 0 1 0 0 0 0 0 19 -9"
          />
          <fecomposite
            in="SourceGraphic"
            in2="goo"
            operator="atop"
          />
        </filter>
      </defs>
    </svg>
  </div>
</span>
`;
